sports
gfg link
campus caption
bottom &right bug
